// Jest Snapshot v1, https://goo.gl/fbAQLP

exports[`Glide renders without crashing 1`] = `
<div
  className="glide--container"
  style={
    Object {
      "height": undefined,
      "width": 500,
    }
  }
>
  <Preloader
    autoPlay={false}
    currentIndex={0}
    startTimer={[Function]}
    width={500}
  >
    <h1>
      Slide One
    </h1>
    <h1>
      Slide Two
    </h1>
    <h1>
      Slide Three
    </h1>
  </Preloader>
  <button
    className="glide--next-btn"
    onClick={[Function]}
  >
    ❯
  </button>
  <section
    className="glide--dots"
  >
    <span
      className="active-dot"
      onClick={[Function]}
    >
      ·
    </span>
    <span
      className="inactive-dot"
      onClick={[Function]}
    >
      ·
    </span>
    <span
      className="inactive-dot"
      onClick={[Function]}
    >
      ·
    </span>
  </section>
</div>
`;
