exports[`ImageCarousel renders without crashing 1`] = `
<div
  className="glide--container"
  style={
    Object {
      "position": "relative",
      "width": undefined,
    }
  }>
  <div>
    Loading...
  </div>
</div>
`;
